<h1>Test</h1><br /><ul><ul><li><a href="#TOC_424E8002_1">Overview</a></li></ul><li><a href="#TOC_424E8002_0">Test Result</a></li></ul><br /><div class="tw-heading tw-heading-2" id="TOC_424E8002_1"><a href="#TOC_424E8002_1">Overview</a></div><br /><div class="tw-heading tw-heading-1" id="TOC_424E8002_0"><a href="#TOC_424E8002_0">Test Result</a></div><br /><center><a href="#glossary_217462_F">F</a>&nbsp;</center><ul><li><a name="glossary_217462_F">F</a></li><ul><li><a href="/wiki_help::function_calling_convention">Function Calling Convention</a> - Outlines the syntax and formatting for calling wiki functions.</li></ul></ul>