<h1>Test</h1><br /><ul><ul><li><a href="#Toc_Tw424E8002_1">Overview</a></li></ul><li><a href="#Toc_Tw424E8002_0">Test Result</a></li></ul><br /><div class="tw-heading tw-heading-2" id="Toc_Tw424E8002_1"><a href="#Toc_Tw424E8002_1">Overview</a></div><br /><div class="tw-heading tw-heading-1" id="Toc_Tw424E8002_0"><a href="#Toc_Tw424E8002_0">Test Result</a></div><br />