<h1>Test</h1><br /><ul><ul><li><a href="#Toc_Tw424E8002_1">Overview</a></li></ul><li><a href="#Toc_Tw424E8002_0">Test Result</a></li></ul><br /><div class="tw-heading tw-heading-2" id="Toc_Tw424E8002_1"><a href="#Toc_Tw424E8002_1">Overview</a></div><br /><div class="tw-heading tw-heading-1" id="Toc_Tw424E8002_0"><a href="#Toc_Tw424E8002_0">Test Result</a></div><br /><ul><li><a href="/wiki_help::mostedited">MostEdited</a> - Display a list of the most edited pages.</li><li><a href="/wiki_help::mostviewed">MostViewed</a> - Display a list of the most viewed pages.</li><li><a href="/wiki_help::recentlycreated">RecentlyCreated</a> - Display a list of recently created wiki pages.</li></ul><br />